// Jest Snapshot v1, https://goo.gl/fbAQLP

exports[`should render exp list 1`] = `
<div>
  <Link
    replace={false}
    to="edit/3"
  >
    <h3>
      Credit Card
    </h3>
  </Link>
  <p>
    $50.00
    -
    1970 January 4th
  </p>
</div>
`;
